C51 COMPILER V9.54   OLED                                                                  05/25/2022 18:20:00 PAGE 1   


C51 COMPILER V9.54, COMPILATION OF MODULE OLED
OBJECT MODULE PLACED IN .\Objects\oled.obj
COMPILER INVOKED BY: D:\APPs\ARM\KEIL5\C51\BIN\C51.EXE MY\oled.c OPTIMIZE(8,SPEED) BROWSE INCDIR(.\MY) DEBUG OBJECTEXTEN
                    -D PRINT(.\Listings\oled.lst) TABS(2) OBJECT(.\Objects\oled.obj)

line level    source

   1          #include "oled.h"
   2          #include "oledfont.h"
   3          
   4          
   5          //OLED的显存
   6          //存放格式如下.
   7          //[0]0 1 2 3 ... 127  
   8          //[1]0 1 2 3 ... 127  
   9          //[2]0 1 2 3 ... 127  
  10          //[3]0 1 2 3 ... 127  
  11          //[4]0 1 2 3 ... 127  
  12          //[5]0 1 2 3 ... 127  
  13          //[6]0 1 2 3 ... 127  
  14          //[7]0 1 2 3 ... 127        
  15          
  16          
  17          /***********************Delay****************************************/
  18          void Delay_50ms(unsigned int Del_50ms)
  19          {
  20   1        unsigned int m;
  21   1        for(;Del_50ms>0;Del_50ms--)
  22   1          for(m=6245;m>0;m--);
  23   1      }
  24          
  25          void Delay_1ms(unsigned int Del_1ms)
  26          {
  27   1        unsigned char j;
  28   1        while(Del_1ms--)
  29   1        { 
  30   2          for(j=0;j<123;j++);
  31   2        }
  32   1      }
  33          void delay_ms(unsigned int ms)
  34          {                         
  35   1        unsigned int a;
  36   1        while(ms)
  37   1        {
  38   2          a=1800;
  39   2          while(a--);
  40   2          ms--;
  41   2        }
  42   1        return;
  43   1      }
  44          
  45          //反显函数
  46          void OLED_ColorTurn(u8 i)
  47          {
  48   1        if(i==0)
  49   1          {
  50   2            OLED_WR_Byte(0xA6,OLED_CMD);//正常显示
  51   2          }
  52   1        if(i==1)
  53   1          {
  54   2            OLED_WR_Byte(0xA7,OLED_CMD);//反色显示
C51 COMPILER V9.54   OLED                                                                  05/25/2022 18:20:00 PAGE 2   

  55   2          }
  56   1      }
  57          
  58          //屏幕旋转180度
  59          void OLED_DisplayTurn(u8 i)
  60          {
  61   1        if(i==0)
  62   1        {
  63   2          OLED_WR_Byte(0xD3,OLED_CMD); /*set display offset*/
  64   2          OLED_WR_Byte(0x68,OLED_CMD); /*18*/
  65   2          OLED_WR_Byte(0xC0,OLED_CMD);//正常显示
  66   2          OLED_WR_Byte(0xA0,OLED_CMD);
  67   2        }
  68   1        if(i==1)
  69   1        {
  70   2          OLED_WR_Byte(0xD3,OLED_CMD); /*set display offset*/
  71   2          OLED_WR_Byte(0x18,OLED_CMD); /*18*/
  72   2          OLED_WR_Byte(0xC8,OLED_CMD);//反转显示
  73   2          OLED_WR_Byte(0xA1,OLED_CMD);
  74   2        }
  75   1      }
  76          
  77          /**********************************************
  78          //IIC Start
  79          **********************************************/
  80          void IIC_Start()
  81          {
  82   1        OLED_SCLK_Set() ;
  83   1        OLED_SDIN_Set();
  84   1        OLED_SDIN_Clr();
  85   1        OLED_SCLK_Clr();
  86   1      }
  87          
  88          /**********************************************
  89          //IIC Stop
  90          **********************************************/
  91          void IIC_Stop()
  92          {
  93   1        OLED_SCLK_Set() ;
  94   1        OLED_SDIN_Clr();
  95   1        OLED_SDIN_Set();
  96   1      }
  97          
  98          void IIC_Wait_Ack()
  99          {
 100   1        OLED_SCLK_Set() ;
 101   1        OLED_SCLK_Clr();
 102   1      }
 103          /**********************************************
 104          // IIC Write byte
 105          **********************************************/
 106          
 107          void Write_IIC_Byte(unsigned char IIC_Byte)
 108          {
 109   1        unsigned char i;
 110   1        unsigned char m,da;
 111   1        da=IIC_Byte;
 112   1        OLED_SCLK_Clr();
 113   1        for(i=0;i<8;i++)    
 114   1        {
 115   2            m=da;
 116   2          //  OLED_SCLK_Clr();
C51 COMPILER V9.54   OLED                                                                  05/25/2022 18:20:00 PAGE 3   

 117   2          m=m&0x80;
 118   2          if(m==0x80)
 119   2          {OLED_SDIN_Set();}
 120   2          else OLED_SDIN_Clr();
 121   2            da=da<<1;
 122   2          OLED_SCLK_Set();
 123   2          OLED_SCLK_Clr();
 124   2          }
 125   1      }
 126          
 127          /**********************************************
 128          // IIC Write Command
 129          **********************************************/
 130          void Write_IIC_Command(unsigned char IIC_Command)
 131          {
 132   1         IIC_Start();
 133   1         Write_IIC_Byte(0x78);            //Slave address,SA0=0
 134   1        IIC_Wait_Ack(); 
 135   1         Write_IIC_Byte(0x00);      //write command
 136   1        IIC_Wait_Ack(); 
 137   1         Write_IIC_Byte(IIC_Command); 
 138   1        IIC_Wait_Ack(); 
 139   1         IIC_Stop();
 140   1      }
 141          /**********************************************
 142          // IIC Write Data
 143          **********************************************/
 144          void Write_IIC_Data(unsigned char IIC_Data)
 145          {
 146   1         IIC_Start();
 147   1         Write_IIC_Byte(0x78);      //D/C#=0; R/W#=0
 148   1         IIC_Wait_Ack();  
 149   1         Write_IIC_Byte(0x40);      //write data
 150   1         IIC_Wait_Ack();  
 151   1         Write_IIC_Byte(IIC_Data);
 152   1         IIC_Wait_Ack();  
 153   1         IIC_Stop();
 154   1      }
 155          void OLED_WR_Byte(unsigned dat,unsigned cmd)
 156          {
 157   1        if(cmd)
 158   1        {
 159   2          Write_IIC_Data(dat);
 160   2        }
 161   1        else 
 162   1        { 
 163   2          Write_IIC_Command(dat);
 164   2        }
 165   1      }
 166          //坐标设置
 167          void OLED_Set_Pos(u8 x, u8 y) 
 168          {
 169   1        OLED_WR_Byte(0xb0+y,OLED_CMD);
 170   1        OLED_WR_Byte(((x&0xf0)>>4)|0x10,OLED_CMD);
 171   1        OLED_WR_Byte((x&0x0f),OLED_CMD);
 172   1      }       
 173          //开启OLED显示    
 174          void OLED_Display_On(void)
 175          {
 176   1        OLED_WR_Byte(0X8D,OLED_CMD);  //SET DCDC命令
 177   1        OLED_WR_Byte(0X14,OLED_CMD);  //DCDC ON
 178   1        OLED_WR_Byte(0XAF,OLED_CMD);  //DISPLAY ON
C51 COMPILER V9.54   OLED                                                                  05/25/2022 18:20:00 PAGE 4   

 179   1      }
 180          //关闭OLED显示     
 181          void OLED_Display_Off(void)
 182          {
 183   1        OLED_WR_Byte(0X8D,OLED_CMD);  //SET DCDC命令
 184   1        OLED_WR_Byte(0X10,OLED_CMD);  //DCDC OFF
 185   1        OLED_WR_Byte(0XAE,OLED_CMD);  //DISPLAY OFF
 186   1      }            
 187          //清屏函数,清完屏,整个屏幕是黑色的!和没点亮一样!!!    
 188          void OLED_Clear(void)  
 189          {  
 190   1        u8 i,n;       
 191   1        for(i=0;i<16;i++)  
 192   1        {  
 193   2          OLED_WR_Byte (0xb0+i,OLED_CMD);    //设置页地址（0~7）
 194   2          OLED_WR_Byte (0x00,OLED_CMD);      //设置显示位置―列低地址
 195   2          OLED_WR_Byte (0x10,OLED_CMD);      //设置显示位置―列高地址   
 196   2          for(n=0;n<80;n++)OLED_WR_Byte(0,OLED_DATA); 
 197   2        } //更新显示
 198   1      }
 199          
 200          //在指定位置显示一个字符,包括部分字符
 201          //x:0~127
 202          //y:0~63         
 203          //sizey:选择字体 6x8  8x16
 204          void OLED_ShowChar(u8 x,u8 y,u8 chr,u8 sizey)
 205          { 
 206   1        u8 c=0,sizex=sizey/2;
 207   1        u16 i=0,size1;
 208   1        if(sizey==8)size1=6;
 209   1        else size1=(sizey/8+((sizey%8)?1:0))*(sizey/2);
 210   1        c=chr-' ';//得到偏移后的值  
 211   1        OLED_Set_Pos(x,y);
 212   1        for(i=0;i<size1;i++)
 213   1        {
 214   2          if(i%sizex==0&&sizey!=8) OLED_Set_Pos(x,y++);
 215   2          if(sizey==8) OLED_WR_Byte(asc2_0806[c][i],OLED_DATA);//6X8字号
 216   2          else if(sizey==16) OLED_WR_Byte(asc2_1608[c][i],OLED_DATA);//8x16字号
 217   2      //    else if(sizey==xx) OLED_WR_Byte(asc2_xxxx[c][i],OLED_DATA);//用户添加字号
 218   2          else return;
 219   2        }
 220   1      }
 221          //m^n函数
 222          u32 oled_pow(u8 m,u8 n)
 223          {
 224   1        u32 result=1;  
 225   1        while(n--)result*=m;    
 226   1        return result;
 227   1      }         
 228          //显示数字
 229          //x,y :起点坐标
 230          //num:要显示的数字
 231          //len :数字的位数
 232          //sizey:字体大小      
 233          void OLED_ShowNum(u8 x,u8 y,u32 num,u8 len,u8 sizey)
 234          {           
 235   1        u8 t,temp,m=0;
 236   1        u8 enshow=0;
 237   1        if(sizey==8)m=2;
 238   1        for(t=0;t<len;t++)
 239   1        {
 240   2          temp=(num/oled_pow(10,len-t-1))%10;
C51 COMPILER V9.54   OLED                                                                  05/25/2022 18:20:00 PAGE 5   

 241   2          if(enshow==0&&t<(len-1))
 242   2          {
 243   3            if(temp==0)
 244   3            {
 245   4              OLED_ShowChar(x+(sizey/2+m)*t,y,' ',sizey);
 246   4              continue;
 247   4            }else enshow=1;
 248   3          }
 249   2          OLED_ShowChar(x+(sizey/2+m)*t,y,temp+'0',sizey);
 250   2        }
 251   1      } 
 252          //显示一个字符号串
 253          void OLED_ShowString(u8 x,u8 y,u8 *chr,u8 sizey)
 254          {
 255   1        u8 j=0;
 256   1        while (chr[j]!='\0')
 257   1        {   
 258   2          OLED_ShowChar(x,y,chr[j++],sizey);
 259   2          if(sizey==8)x+=6;
 260   2          else x+=sizey/2;
 261   2        }
 262   1      }
 263          //显示汉字
 264          void OLED_ShowChinese(u8 x,u8 y,u8 no,u8 sizey)
 265          {
 266   1        u16 i,size1=(sizey/8+((sizey%8)?1:0))*sizey;
 267   1        for(i=0;i<size1;i++)
 268   1        {
 269   2          if(i%sizey==0) OLED_Set_Pos(x,y++);
 270   2          if(sizey==16) OLED_WR_Byte(Hzk[no][i],OLED_DATA);//16x16字号
 271   2      //    else if(sizey==xx) OLED_WR_Byte(xxx[c][i],OLED_DATA);//用户添加字号
 272   2          else return;
 273   2        }       
 274   1      }
 275          
 276          
 277          //显示图片
 278          //x,y显示坐标
 279          //sizex,sizey,图片长宽
 280          //BMP：要显示的图片
 281          void OLED_DrawBMP(u8 x,u8 y,u8 sizex, u8 sizey,u8 BMP[])
 282          {   
 283   1        u16 j=0;
 284   1        u8 i,m;
 285   1        sizey=sizey/8+((sizey%8)?1:0);
 286   1        for(i=0;i<sizey;i++)
 287   1        {
 288   2          OLED_Set_Pos(x,i+y);
 289   2          for(m=0;m<sizex;m++)
 290   2          {      
 291   3            OLED_WR_Byte(BMP[j++],OLED_DATA);       
 292   3          }
 293   2        }
 294   1      } 
 295          
 296          //初始化SSD1306             
 297          void OLED_Init(void)
 298          {   
 299   1       
 300   1      OLED_WR_Byte(0xAE,OLED_CMD); /*display off*/
 301   1        OLED_WR_Byte(0x00,OLED_CMD); /*set lower column address*/
 302   1        OLED_WR_Byte(0x10,OLED_CMD); /*set higher column address*/
C51 COMPILER V9.54   OLED                                                                  05/25/2022 18:20:00 PAGE 6   

 303   1        OLED_WR_Byte(0x20,OLED_CMD); /* Set Memory addressing mode (0x20/0x21) */
 304   1        OLED_WR_Byte(0x81,OLED_CMD); /*contract control*/
 305   1        OLED_WR_Byte(0x6f,OLED_CMD); /*b0*/
 306   1        OLED_WR_Byte(0xA0,OLED_CMD); /*set segment remap*/
 307   1        OLED_WR_Byte(0xC0,OLED_CMD); /*Com scan direction*/
 308   1        OLED_WR_Byte(0xA4,OLED_CMD); /*Disable Entire Display On (0xA4/0xA5)*/
 309   1        OLED_WR_Byte(0xA6,OLED_CMD); /*normal / reverse*/
 310   1        OLED_WR_Byte(0xD5,OLED_CMD); /*set osc division*/
 311   1        OLED_WR_Byte(0x91,OLED_CMD);
 312   1        OLED_WR_Byte(0xD9,OLED_CMD); /*set pre-charge period*/
 313   1        OLED_WR_Byte(0x22,OLED_CMD);
 314   1        OLED_WR_Byte(0xdb,OLED_CMD); /*set vcomh*/
 315   1        OLED_WR_Byte(0x3f,OLED_CMD);
 316   1        OLED_WR_Byte(0xA8,OLED_CMD); /*multiplex ratio*/
 317   1        OLED_WR_Byte(0x4F,OLED_CMD); /*duty = 1/80*/
 318   1        OLED_WR_Byte(0xD3,OLED_CMD); /*set display offset*/
 319   1        OLED_WR_Byte(0x68,OLED_CMD); /*18*/
 320   1        OLED_WR_Byte(0xdc,OLED_CMD); /*Set Display Start Line*/
 321   1        OLED_WR_Byte(0x00,OLED_CMD);
 322   1        OLED_WR_Byte(0xad,OLED_CMD); /*set charge pump enable*/
 323   1        OLED_WR_Byte(0x8a,OLED_CMD); /*Set DC-DC enable (a=0:disable; a=1:enable) */
 324   1        OLED_Clear();
 325   1        OLED_WR_Byte(0xAF,OLED_CMD); /*display ON*/ 
 326   1      }  
 327          
 328          
 329          
 330          
 331          
 332          
 333          
 334          
 335          
 336          
 337          
 338          
 339          
 340          
 341          
 342          
 343          
 344          
 345          
 346          
 347          
 348          
 349          
 350          
 351          
 352          
 353          
 354          
 355          


MODULE INFORMATION:   STATIC OVERLAYABLE
   CODE SIZE        =   1351    ----
   CONSTANT SIZE    =   2296    ----
   XDATA SIZE       =   ----    ----
   PDATA SIZE       =   ----    ----
   DATA SIZE        =   ----      50
   IDATA SIZE       =   ----    ----
C51 COMPILER V9.54   OLED                                                                  05/25/2022 18:20:00 PAGE 7   

   BIT SIZE         =   ----    ----
END OF MODULE INFORMATION.


C51 COMPILATION COMPLETE.  0 WARNING(S),  0 ERROR(S)
