C51 COMPILER V9.54   UART                                                                  05/25/2022 21:40:52 PAGE 1   


C51 COMPILER V9.54, COMPILATION OF MODULE UART
OBJECT MODULE PLACED IN .\Objects\UART.obj
COMPILER INVOKED BY: D:\APPs\ARM\KEIL5\C51\BIN\C51.EXE MY\UART.C OPTIMIZE(8,SPEED) BROWSE INCDIR(.\MY) DEBUG OBJECTEXTEN
                    -D PRINT(.\Listings\UART.lst) TABS(2) OBJECT(.\Objects\UART.obj)

line level    source

   1          
   2          
   3          #include "UART.h"
   4          
   5          
   6          #ifdef UART1
   7          COMx_Define COM1;
   8          u8  xdata TX1_Buffer[COM_TX1_Lenth];  //∑¢ÀÕª∫≥Â
   9          u8  xdata RX1_Buffer[COM_RX1_Lenth];  //Ω” ’ª∫≥Â
  10          u8  xdata GPS_DATA[COM_TX1_Lenth];
  11          u8 Flag_GPS_OK;
  12          #endif
  13          #ifdef UART2
  14          COMx_Define COM2;
  15          u8  xdata TX2_Buffer[COM_TX2_Lenth];  //∑¢ÀÕª∫≥Â
  16          u8  xdata RX2_Buffer[COM_RX2_Lenth];  //Ω” ’ª∫≥Â
  17          #endif
  18          #ifdef UART3
              COMx_Define COM3;
              u8  xdata TX3_Buffer[COM_TX3_Lenth];  //∑¢ÀÕª∫≥Â
              u8  xdata RX3_Buffer[COM_RX3_Lenth];  //Ω” ’ª∫≥Â
              #endif
  23          #ifdef UART4
              COMx_Define COM4;
              u8  xdata TX4_Buffer[COM_TX4_Lenth];  //∑¢ÀÕª∫≥Â
              u8  xdata RX4_Buffer[COM_RX4_Lenth];  //Ω” ’ª∫≥Â
              #endif
  28          
  29          u8 UART_Configuration(u8 UARTx, COMx_InitDefine *COMx)
  30          {
  31   1        u8  i;
  32   1        u32 j;
  33   1        
  34   1      #ifdef UART1
  35   1        if(UARTx == UART1)
  36   1        {
  37   2          COM1.id = 1;
  38   2          COM1.TX_read    = 0;
  39   2          COM1.TX_write   = 0;
  40   2          COM1.B_TX_busy  = 0;
  41   2          COM1.RX_Cnt     = 0;
  42   2          COM1.RX_TimeOut = 0;
  43   2          COM1.B_RX_OK    = 0;
  44   2          for(i=0; i<COM_TX1_Lenth; i++)  TX1_Buffer[i] = 0;
  45   2          for(i=0; i<COM_RX1_Lenth; i++)  RX1_Buffer[i] = 0;
  46   2      
  47   2          if(COMx->UART_Priority > Priority_3)  return 2; //¥ÌŒÛ
  48   2          UART1_Priority(COMx->UART_Priority);  //÷∏∂®÷–∂œ”≈œ»º∂(µÕµΩ∏ﬂ) Priority_0,Priority_1,Priority_2,Priority_
             -3
  49   2          if(COMx->UART_Mode > UART_9bit_BRTx)  return 2; //ƒ£ Ω¥ÌŒÛ
  50   2          SCON = (SCON & 0x3f) | COMx->UART_Mode;
  51   2          if((COMx->UART_Mode == UART_9bit_BRTx) || (COMx->UART_Mode == UART_8bit_BRTx))  //ø…±‰≤®Ãÿ¬ 
  52   2          {
  53   3            j = (MAIN_Fosc / 4) / COMx->UART_BaudRate;  //∞¥1Tº∆À„
C51 COMPILER V9.54   UART                                                                  05/25/2022 21:40:52 PAGE 2   

  54   3            if(j >= 65536UL)  return 2; //¥ÌŒÛ
  55   3            j = 65536UL - j;
  56   3            if(COMx->UART_BRT_Use == BRT_Timer1)
  57   3            {
  58   4              TR1 = 0;
  59   4              AUXR &= ~0x01;    //S1 BRT Use Timer1;
  60   4              TMOD &= ~(1<<6);  //Timer1 set As Timer
  61   4              TMOD &= ~0x30;    //Timer1_16bitAutoReload;
  62   4              AUXR |=  (1<<6);  //Timer1 set as 1T mode
  63   4              TH1 = (u8)(j>>8);
  64   4              TL1 = (u8)j;
  65   4              ET1 = 0;  //Ω˚÷π÷–∂œ
  66   4              TMOD &= ~0x40;  //∂® ±
  67   4              INT_CLKO &= ~0x02;  //≤ª ‰≥ˆ ±÷”
  68   4              TR1  = 1;
  69   4            }
  70   3            else if(COMx->UART_BRT_Use == BRT_Timer2)
  71   3            {
  72   4              AUXR &= ~(1<<4);  //Timer stop
  73   4              AUXR |= 0x01;   //S1 BRT Use Timer2;
  74   4              AUXR &= ~(1<<3);  //Timer2 set As Timer
  75   4              AUXR |=  (1<<2);  //Timer2 set as 1T mode
  76   4              TH2 = (u8)(j>>8);
  77   4              TL2 = (u8)j;
  78   4              IE2  &= ~(1<<2);  //Ω˚÷π÷–∂œ
  79   4              AUXR |=  (1<<4);  //Timer run enable
  80   4            }
  81   3            else return 2;  //¥ÌŒÛ
  82   3          }
  83   2          else if(COMx->UART_Mode == UART_ShiftRight)
  84   2          {
  85   3            if(COMx->BaudRateDouble == ENABLE)  AUXR |=  (1<<5);  //πÃ∂®≤®Ãÿ¬ SysClk/2
  86   3            else                AUXR &= ~(1<<5);  //πÃ∂®≤®Ãÿ¬ SysClk/12
  87   3          }
  88   2          else if(COMx->UART_Mode == UART_9bit) //πÃ∂®≤®Ãÿ¬ SysClk*2^SMOD/64
  89   2          {
  90   3            if(COMx->BaudRateDouble == ENABLE)  PCON |=  (1<<7);  //πÃ∂®≤®Ãÿ¬ SysClk/32
  91   3            else                PCON &= ~(1<<7);  //πÃ∂®≤®Ãÿ¬ SysClk/64
  92   3          }
  93   2          if(COMx->UART_Interrupt == ENABLE)  ES = 1; //‘ –Ì÷–∂œ
  94   2          else                ES = 0; //Ω˚÷π÷–∂œ
  95   2          if(COMx->UART_RxEnable == ENABLE) REN = 1;  //‘ –ÌΩ” ’
  96   2          else                REN = 0;  //Ω˚÷πΩ” ’
  97   2          P_SW1 = (P_SW1 & 0x3f) | (COMx->UART_P_SW & 0xc0);  //«–ªªIO
  98   2          return  0;
  99   2        }
 100   1      #endif
 101   1      #ifdef UART2
 102   1        if(UARTx == UART2)
 103   1        {
 104   2          COM2.id = 2;
 105   2          COM2.TX_read    = 0;
 106   2          COM2.TX_write   = 0;
 107   2          COM2.B_TX_busy  = 0;
 108   2          COM2.RX_Cnt     = 0;
 109   2          COM2.RX_TimeOut = 0;
 110   2          COM2.B_RX_OK    = 0;
 111   2          for(i=0; i<COM_TX2_Lenth; i++)  TX2_Buffer[i] = 0;
 112   2          for(i=0; i<COM_RX2_Lenth; i++)  RX2_Buffer[i] = 0;
 113   2      
 114   2          if((COMx->UART_Mode == UART_9bit_BRTx) ||(COMx->UART_Mode == UART_8bit_BRTx)) //ø…±‰≤®Ãÿ¬ 
 115   2          {
C51 COMPILER V9.54   UART                                                                  05/25/2022 21:40:52 PAGE 3   

 116   3            if(COMx->UART_Priority > Priority_3)  return 2; //¥ÌŒÛ
 117   3            UART2_Priority(COMx->UART_Priority);  //÷∏∂®÷–∂œ”≈œ»º∂(µÕµΩ∏ﬂ) Priority_0,Priority_1,Priority_2,Priority
             -_3
 118   3            if(COMx->UART_Mode == UART_9bit_BRTx) S2CON |=  (1<<7); //9bit
 119   3            else                  S2CON &= ~(1<<7); //8bit
 120   3            j = (MAIN_Fosc / 4) / COMx->UART_BaudRate;  //∞¥1Tº∆À„
 121   3            if(j >= 65536UL)  return 2; //¥ÌŒÛ
 122   3            j = 65536UL - j;
 123   3            AUXR &= ~(1<<4);  //Timer stop
 124   3            AUXR &= ~(1<<3);  //Timer2 set As Timer
 125   3            AUXR |=  (1<<2);  //Timer2 set as 1T mode
 126   3            TH2 = (u8)(j>>8);
 127   3            TL2 = (u8)j;
 128   3            IE2  &= ~(1<<2);  //Ω˚÷π÷–∂œ
 129   3            AUXR |=  (1<<4);  //Timer run enable
 130   3          }
 131   2          else  return 2; //ƒ£ Ω¥ÌŒÛ
 132   2          if(COMx->UART_Interrupt == ENABLE)  IE2   |=  1;    //‘ –Ì÷–∂œ
 133   2          else                IE2   &= ~1;    //Ω˚÷π÷–∂œ
 134   2          if(COMx->UART_RxEnable == ENABLE) S2CON |=  (1<<4); //‘ –ÌΩ” ’
 135   2          else                S2CON &= ~(1<<4); //Ω˚÷πΩ” ’
 136   2          P_SW2 = (P_SW2 & ~1) | (COMx->UART_P_SW & 0x01);  //«–ªªIO
 137   2          return  0;
 138   2        }
 139   1      #endif
 140   1      #ifdef UART3
                if(UARTx == UART3)
                {
                  COM3.id = 3;
                  COM3.TX_read    = 0;
                  COM3.TX_write   = 0;
                  COM3.B_TX_busy  = 0;
                  COM3.RX_Cnt     = 0;
                  COM3.RX_TimeOut = 0;
                  COM3.B_RX_OK    = 0;
                  for(i=0; i<COM_TX3_Lenth; i++)  TX3_Buffer[i] = 0;
                  for(i=0; i<COM_RX3_Lenth; i++)  RX3_Buffer[i] = 0;
              
                  if((COMx->UART_Mode == UART_9bit_BRTx) || (COMx->UART_Mode == UART_8bit_BRTx))  //ø…±‰≤®Ãÿ¬ 
                  {
                    if(COMx->UART_Priority > Priority_3)  return 2; //¥ÌŒÛ
                    UART3_Priority(COMx->UART_Priority);  //÷∏∂®÷–∂œ”≈œ»º∂(µÕµΩ∏ﬂ) Priority_0,Priority_1,Priority_2,Priority
             -_3
                    if(COMx->UART_Mode == UART_9bit_BRTx) S3_9bit();  //9bit
                    else                  S3_8bit();  //8bit
                    j = (MAIN_Fosc / 4) / COMx->UART_BaudRate;  //∞¥1Tº∆À„
                    if(j >= 65536UL)  return 2; //¥ÌŒÛ
                    j = 65536UL - j;
                    if(COMx->UART_BRT_Use == BRT_Timer3)
                    {
                      S3_BRT_UseTimer3();   //S3 BRT Use Timer3;
                      TH3 = (u8)(j>>8);
                      TL3 = (u8)j;
                      T4T3M &= 0xf0;
                      T4T3M |= 0x0a;      //Timer3 set As Timer, 1T mode, Start timer3
                    }
                    else if(COMx->UART_BRT_Use == BRT_Timer2)
                    {
                      AUXR &= ~(1<<4);    //Timer stop
                      S3_BRT_UseTimer2(); //S3 BRT Use Timer2;
                      AUXR &= ~(1<<3);    //Timer2 set As Timer
                      AUXR |=  (1<<2);    //Timer2 set as 1T mode
C51 COMPILER V9.54   UART                                                                  05/25/2022 21:40:52 PAGE 4   

                      TH2 = (u8)(j>>8);
                      TL2 = (u8)j;
                      IE2  &= ~(1<<2);  //Ω˚÷π÷–∂œ
                      AUXR |=  (1<<4);  //Timer run enable
                    }
                    else return 2;  //¥ÌŒÛ
                  }
                  else  return 2; //ƒ£ Ω¥ÌŒÛ
                  if(COMx->UART_Interrupt == ENABLE)  S3_Int_Enable();    //‘ –Ì÷–∂œ
                  else                S3_Int_Disable();   //Ω˚÷π÷–∂œ
                  if(COMx->UART_RxEnable == ENABLE) S3_RX_Enable(); //‘ –ÌΩ” ’
                  else                S3_RX_Disable();  //Ω˚÷πΩ” ’
                  P_SW2 = (P_SW2 & ~2) | (COMx->UART_P_SW & 0x02);  //«–ªªIO
                  return  0;
                }
              #endif
 192   1      #ifdef UART4
                if(UARTx == UART4)
                {
                  COM4.id = 3;
                  COM4.TX_read    = 0;
                  COM4.TX_write   = 0;
                  COM4.B_TX_busy  = 0;
                  COM4.RX_Cnt     = 0;
                  COM4.RX_TimeOut = 0;
                  COM4.B_RX_OK    = 0;
                  for(i=0; i<COM_TX4_Lenth; i++)  TX4_Buffer[i] = 0;
                  for(i=0; i<COM_RX4_Lenth; i++)  RX4_Buffer[i] = 0;
              
                  if((COMx->UART_Mode == UART_9bit_BRTx) || (COMx->UART_Mode == UART_8bit_BRTx))  //ø…±‰≤®Ãÿ¬ 
                  {
                    if(COMx->UART_Priority > Priority_3)  return 2; //¥ÌŒÛ
                    UART4_Priority(COMx->UART_Priority);  //÷∏∂®÷–∂œ”≈œ»º∂(µÕµΩ∏ﬂ) Priority_0,Priority_1,Priority_2,Priority
             -_3
                    if(COMx->UART_Mode == UART_9bit_BRTx) S4_9bit();  //9bit
                    else                  S4_8bit();  //8bit
                    j = (MAIN_Fosc / 4) / COMx->UART_BaudRate;  //∞¥1Tº∆À„
                    if(j >= 65536UL)  return 2; //¥ÌŒÛ
                    j = 65536UL - j;
                    if(COMx->UART_BRT_Use == BRT_Timer4)
                    {
                      S4_BRT_UseTimer4();   //S4 BRT Use Timer4;
                      TH4 = (u8)(j>>8);
                      TL4 = (u8)j;
                      T4T3M &= 0x0f;
                      T4T3M |= 0xa0;      //Timer4 set As Timer, 1T mode, Start timer4
                    }
                    else if(COMx->UART_BRT_Use == BRT_Timer2)
                    {
                      AUXR &= ~(1<<4);    //Timer stop
                      S4_BRT_UseTimer2(); //S4 BRT Use Timer2;
                      AUXR &= ~(1<<3);    //Timer2 set As Timer
                      AUXR |=  (1<<2);    //Timer2 set as 1T mode
                      TH2 = (u8)(j>>8);
                      TL2 = (u8)j;
                      IE2  &= ~(1<<2);  //Ω˚÷π÷–∂œ
                      AUXR |=  (1<<4);  //Timer run enable
                    }
                    else return 2;  //¥ÌŒÛ
                  }
                  else  return 2; //ƒ£ Ω¥ÌŒÛ
                  if(COMx->UART_Interrupt == ENABLE)  S4_Int_Enable();    //‘ –Ì÷–∂œ
C51 COMPILER V9.54   UART                                                                  05/25/2022 21:40:52 PAGE 5   

                  else                S4_Int_Disable();   //Ω˚÷π÷–∂œ
                  if(COMx->UART_RxEnable == ENABLE) S4_RX_Enable(); //‘ –ÌΩ” ’
                  else                S4_RX_Disable();  //Ω˚÷πΩ” ’
                  P_SW2 = (P_SW2 & ~4) | (COMx->UART_P_SW & 0x04);  //«–ªªIO
                  return  0;
                }
              #endif
 244   1        return  2;  //¥ÌŒÛ
 245   1      }
 246          
 247          /*********************************************************/
 248          
 249          /********************* UART1 ∫Ø ˝ ************************/
 250          #ifdef UART1
 251          void TX1_write2buff(u8 dat) //–¥»Î∑¢ÀÕª∫≥Â£¨÷∏’Î+1
 252          {
 253   1        TX1_Buffer[COM1.TX_write] = dat;  //◊∞∑¢ÀÕª∫≥Â
 254   1        if(++COM1.TX_write >= COM_TX1_Lenth)  COM1.TX_write = 0;
 255   1      
 256   1        if(COM1.B_TX_busy == 0)   //ø’œ–
 257   1        {  
 258   2          COM1.B_TX_busy = 1;   //±Í÷æ√¶
 259   2          TI = 1;         //¥•∑¢∑¢ÀÕ÷–∂œ
 260   2        }
 261   1      }
 262          
 263          void PrintString1(u8 *puts)
 264          {
 265   1          for (; *puts != 0;  puts++)  TX1_write2buff(*puts);   //”ˆµΩÕ£÷π∑˚0Ω· ¯
 266   1      }
 267          void UART1_int (void) interrupt UART1_VECTOR
 268          {
 269   1        u8 temp = 0;
 270   1        static u8 count = 0;
 271   1        //ES=0;//πÿ±’¥Æø⁄÷–∂œ
 272   1        if(RI)
 273   1        {
 274   2          RI = 0;
 275   2          if(COM1.B_RX_OK == 0)
 276   2          {
 277   3            temp=SBUF;
 278   3            if(COM1.RX_Cnt >= COM_RX1_Lenth)  COM1.RX_Cnt = 0;
 279   3            RX1_Buffer[COM1.RX_Cnt++] = SBUF;
 280   3            COM1.RX_TimeOut = TimeOutSet1;
 281   3            
 282   3            if(temp==0x7F)//¡¨–¯ ’µΩ7f¥•∑¢»Ìº˛∏¥Œª£¨∆Ù∂Ø◊‘∂Øœ¬‘ÿ  »Ìº˛…œ±ÿ–Î—°‘Ò◊ÓµÕ◊Ó∏ﬂ≤®Ãÿ¬ ∂ºŒ™115200
 283   3            {
 284   4              count++;
 285   4              if(count>9)
 286   4              {
 287   5                count=0;
 288   5                IAP_CONTR|=0x60;//»Ìº˛∏¥Œª
 289   5              }
 290   4            }
 291   3          }
 292   2          //ES=1;//πÿ±’¥Æø⁄÷–∂œ
 293   2        }
 294   1      
 295   1        if(TI)
 296   1        {
 297   2          TI = 0;
 298   2          if(COM1.TX_read != COM1.TX_write)
C51 COMPILER V9.54   UART                                                                  05/25/2022 21:40:52 PAGE 6   

 299   2          {
 300   3            SBUF = TX1_Buffer[COM1.TX_read];
 301   3            if(++COM1.TX_read >= COM_TX1_Lenth)   COM1.TX_read = 0;
 302   3          }
 303   2          else  COM1.B_TX_busy = 0;
 304   2        }
 305   1      }
 306          #endif
 307          
 308          /********************* UART2 ∫Ø ˝ ************************/
 309          #ifdef UART2
 310          void TX2_write2buff(u8 dat) //–¥»Î∑¢ÀÕª∫≥Â£¨÷∏’Î+1
 311          {
 312   1        TX2_Buffer[COM2.TX_write] = dat;  //◊∞∑¢ÀÕª∫≥Â
 313   1        if(++COM2.TX_write >= COM_TX2_Lenth)  COM2.TX_write = 0;
 314   1      
 315   1        if(COM2.B_TX_busy == 0)   //ø’œ–
 316   1        {  
 317   2          COM2.B_TX_busy = 1;   //±Í÷æ√¶
 318   2          SET_TI2();        //¥•∑¢∑¢ÀÕ÷–∂œ
 319   2        }
 320   1      }
 321          
 322          void PrintString2(u8 *puts)
 323          {
 324   1          for (; *puts != 0;  puts++)  TX2_write2buff(*puts);   //”ˆµΩÕ£÷π∑˚0Ω· ¯
 325   1      }
 326          
 327          void UART2_int (void) interrupt UART2_VECTOR
 328          {
 329   1        if(RI2)
 330   1        {
 331   2          CLR_RI2();
 332   2          if(COM2.B_RX_OK == 0)
 333   2          {
 334   3            if(COM2.RX_Cnt >= COM_RX2_Lenth)  COM2.RX_Cnt = 0;
 335   3            if(S2BUF=='$') COM2.RX_Cnt=0;
 336   3            RX2_Buffer[COM2.RX_Cnt++] = S2BUF;
 337   3            COM2.RX_TimeOut = TimeOutSet2;
 338   3          }
 339   2        }
 340   1      
 341   1        if(TI2)
 342   1        {
 343   2          CLR_TI2();
 344   2          if(COM2.TX_read != COM2.TX_write)
 345   2          {
 346   3            S2BUF = TX2_Buffer[COM2.TX_read];
 347   3            if(++COM2.TX_read >= COM_TX2_Lenth)   COM2.TX_read = 0;
 348   3          }
 349   2          else  COM2.B_TX_busy = 0;
 350   2        }
 351   1      }
 352          #endif
 353          
 354          /********************* UART3 ∫Ø ˝ ************************/
 355          #ifdef UART3
              void TX3_write2buff(u8 dat) //–¥»Î∑¢ÀÕª∫≥Â£¨÷∏’Î+1
              {
                TX3_Buffer[COM3.TX_write] = dat;  //◊∞∑¢ÀÕª∫≥Â
                if(++COM3.TX_write >= COM_TX3_Lenth)  COM3.TX_write = 0;
              
C51 COMPILER V9.54   UART                                                                  05/25/2022 21:40:52 PAGE 7   

                if(COM3.B_TX_busy == 0)   //ø’œ–
                {  
                  COM3.B_TX_busy = 1;   //±Í÷æ√¶
                  SET_TI3();        //¥•∑¢∑¢ÀÕ÷–∂œ
                }
              }
              
              void PrintString3(u8 *puts)
              {
                  for (; *puts != 0;  puts++)  TX3_write2buff(*puts);   //”ˆµΩÕ£÷π∑˚0Ω· ¯
              }
              
              void UART3_int (void) interrupt UART3_VECTOR
              {
                if(RI3)
                {
                  CLR_RI3();
                  if(COM3.B_RX_OK == 0)
                  {
                    if(COM3.RX_Cnt >= COM_RX3_Lenth)  COM3.RX_Cnt = 0;
                    RX3_Buffer[COM3.RX_Cnt++] = S3BUF;
                    COM3.RX_TimeOut = TimeOutSet3;
                  }
                }
              
                if(TI3)
                {
                  CLR_TI3();
                  if(COM3.TX_read != COM3.TX_write)
                  {
                    S3BUF = TX3_Buffer[COM3.TX_read];
                    if(++COM3.TX_read >= COM_TX3_Lenth)   COM3.TX_read = 0;
                  }
                  else  COM3.B_TX_busy = 0;
                }
              }
              #endif
 398          
 399          /********************* UART4 ∫Ø ˝ ************************/
 400          #ifdef UART4
              void TX4_write2buff(u8 dat) //–¥»Î∑¢ÀÕª∫≥Â£¨÷∏’Î+1
              {
                TX4_Buffer[COM4.TX_write] = dat;  //◊∞∑¢ÀÕª∫≥Â
                if(++COM4.TX_write >= COM_TX4_Lenth)  COM4.TX_write = 0;
              
                if(COM4.B_TX_busy == 0)   //ø’œ–
                {  
                  COM4.B_TX_busy = 1;   //±Í÷æ√¶
                  SET_TI4();        //¥•∑¢∑¢ÀÕ÷–∂œ
                }
              }
              
              void PrintString4(u8 *puts)
              {
                  for (; *puts != 0;  puts++)  TX4_write2buff(*puts);   //”ˆµΩÕ£÷π∑˚0Ω· ¯
              }
              
              void UART4_int (void) interrupt UART4_VECTOR
              {
                if(RI4)
                {
                  CLR_RI4();
C51 COMPILER V9.54   UART                                                                  05/25/2022 21:40:52 PAGE 8   

                  if(COM4.B_RX_OK == 0)
                  {
                    if(COM4.RX_Cnt >= COM_RX4_Lenth)  COM4.RX_Cnt = 0;
                    RX4_Buffer[COM4.RX_Cnt++] = S4BUF;
                    COM4.RX_TimeOut = TimeOutSet4;
                  }
                }
              
                if(TI4)
                {
                  CLR_TI4();
                  if(COM4.TX_read != COM4.TX_write)
                  {
                    S4BUF = TX4_Buffer[COM4.TX_read];
                    if(++COM4.TX_read >= COM_TX4_Lenth)   COM4.TX_read = 0;
                  }
                  else  COM4.B_TX_busy = 0;
                }
              }
              #endif
 443          
 444          /*********************************************************/
 445          /*
 446          void COMx_write2buff(COMx_Define *COMx, u8 dat) //–¥»Î∑¢ÀÕª∫≥Â£¨÷∏’Î+1
 447          {
 448            if(COMx->id == 1) TX1_write2buff(dat);
 449            if(COMx->id == 2) TX2_write2buff(dat);
 450            if(COMx->id == 3) TX3_write2buff(dat);
 451            if(COMx->id == 4) TX4_write2buff(dat);
 452          }
 453          
 454          void PrintString(COMx_Define *COMx, u8 *puts)
 455          {
 456              for (; *puts != 0;  puts++)  COMx_write2buff(COMx,*puts);   //”ˆµΩÕ£÷π∑˚0Ω· ¯
 457          }
 458          */
 459          
 460          
 461          //UART1 ∑¢ÀÕ¥Æø⁄ ˝æ›
 462          void UART1_SendData(char dat)
 463          {
 464   1         SBUF = dat;     //–¥»Î∑¢ÀÕª∫≥Âºƒ¥Ê∆˜
 465   1         while(!TI);    //µ»¥˝∑¢ÀÕÕÍ≥…£¨TI∑¢ÀÕ“Á≥ˆ±Í÷æŒª ÷√1
 466   1         TI = 0;      //∂‘“Á≥ˆ±Í÷æŒª«Â¡„  
 467   1      }
 468          
 469          
 470          //÷ÿ–¥putchar∫Ø ˝
 471          char putchar(char c)
 472          {
 473   1        UART1_SendData(c);
 474   1        return c;
 475   1      }
 476          
 477          /***************  ¥Æø⁄≥ı ºªØ∫Ø ˝ *****************/
 478          void  UART_config(void)
 479          {
 480   1        COMx_InitDefine   COMx_InitStructure;         //Ω·ππ∂®“Â
 481   1        COMx_InitStructure.UART_Mode      = UART_8bit_BRTx;   //ƒ£ Ω,       UART_ShiftRight,UART_8bit_BRTx,UART_9b
             -it,UART_9bit_BRTx
 482   1        COMx_InitStructure.UART_BRT_Use   = BRT_Timer1;     //—°‘Ò≤®Ãÿ¬ ∑¢…˙∆˜,   BRT_Timer1, BRT_Timer2 (◊¢“‚: ¥Æø
             -⁄2πÃ∂® π”√BRT_Timer2)
C51 COMPILER V9.54   UART                                                                  05/25/2022 21:40:52 PAGE 9   

 483   1        COMx_InitStructure.UART_BaudRate  = 115200ul;     //≤®Ãÿ¬ , “ª∞„ 110 ~ 115200
 484   1        COMx_InitStructure.UART_RxEnable  = ENABLE;       //Ω” ’‘ –Ì,   ENABLEªÚDISABLE
 485   1        COMx_InitStructure.BaudRateDouble = DISABLE;      //≤®Ãÿ¬ º”±∂, ENABLEªÚDISABLE
 486   1        COMx_InitStructure.UART_Interrupt = ENABLE;       //÷–∂œ‘ –Ì,   ENABLEªÚDISABLE
 487   1        COMx_InitStructure.UART_Priority    = Priority_0;     //÷∏∂®÷–∂œ”≈œ»º∂(µÕµΩ∏ﬂ) Priority_0,Priority_1,Priori
             -ty_2,Priority_3
 488   1        COMx_InitStructure.UART_P_SW      = UART1_SW_P30_P31; //«–ªª∂Àø⁄,   UART1_SW_P30_P31,UART1_SW_P36_P37,UAR
             -T1_SW_P16_P17,UART1_SW_P43_P44
 489   1        UART_Configuration(UART1, &COMx_InitStructure);   //≥ı ºªØ¥Æø⁄1 UART1,UART2,UART3,UART4
 490   1      
 491   1        COMx_InitStructure.UART_Mode      = UART_8bit_BRTx;   //ƒ£ Ω,       UART_ShiftRight,UART_8bit_BRTx,UART_9b
             -it,UART_9bit_BRTx
 492   1      //  COMx_InitStructure.UART_BRT_Use   = BRT_Timer2;     //—°‘Ò≤®Ãÿ¬ ∑¢…˙∆˜, BRT_Timer2 (◊¢“‚: ¥Æø⁄2πÃ∂® π”√BR
             -T_Timer2, À˘“‘≤ª”√—°‘Ò)
 493   1        COMx_InitStructure.UART_BaudRate  = 115200ul;     //≤®Ãÿ¬ ,     110 ~ 115200
 494   1        COMx_InitStructure.UART_RxEnable  = ENABLE;       //Ω” ’‘ –Ì,   ENABLEªÚDISABLE
 495   1        COMx_InitStructure.UART_Interrupt = ENABLE;       //÷–∂œ‘ –Ì,   ENABLEªÚDISABLE
 496   1        COMx_InitStructure.UART_Priority    = Priority_1;     //÷∏∂®÷–∂œ”≈œ»º∂(µÕµΩ∏ﬂ) Priority_0,Priority_1,Priori
             -ty_2,Priority_3
 497   1        COMx_InitStructure.UART_P_SW      = UART2_SW_P10_P11; //«–ªª∂Àø⁄,   UART2_SW_P10_P11,UART2_SW_P46_P47
 498   1        UART_Configuration(UART2, &COMx_InitStructure);   //≥ı ºªØ¥Æø⁄2 UART1,UART2,UART3,UART4
 499   1      
 500   1        PrintString1("STC8 UART1 Test Programme!\r\n"); //UART1∑¢ÀÕ“ª∏ˆ◊÷∑˚¥Æ
 501   1        //PrintString2("STC8 UART2 Test Programme!\r\n"); //UART2∑¢ÀÕ“ª∏ˆ◊÷∑˚¥Æ
 502   1      }
 503          /*********************************************************/
 504          /*
 505          void COMx_write2buff(COMx_Define *COMx, u8 dat) //–¥»Î∑¢ÀÕª∫≥Â£¨÷∏’Î+1
 506          {
 507            if(COMx->id == 1) TX1_write2buff(dat);
 508            if(COMx->id == 2) TX2_write2buff(dat);
 509            if(COMx->id == 3) TX3_write2buff(dat);
 510            if(COMx->id == 4) TX4_write2buff(dat);
 511          }
 512          
 513          void PrintString(COMx_Define *COMx, u8 *puts)
 514          {
 515              for (; *puts != 0;  puts++)  COMx_write2buff(COMx,*puts);   //”ˆµΩÕ£÷π∑˚0Ω· ¯
 516          }
 517          */


MODULE INFORMATION:   STATIC OVERLAYABLE
   CODE SIZE        =   1261    ----
   CONSTANT SIZE    =     29    ----
   XDATA SIZE       =    640    ----
   PDATA SIZE       =   ----    ----
   DATA SIZE        =     16      21
   IDATA SIZE       =   ----    ----
   BIT SIZE         =   ----    ----
END OF MODULE INFORMATION.


C51 COMPILATION COMPLETE.  0 WARNING(S),  0 ERROR(S)
